{
  "version": "1.5.0",
  "plugins_used": [
    {
      "name": "ArtifactoryDetector"
    },
    {
      "name": "AWSKeyDetector"
    },
    {
      "name": "AzureStorageKeyDetector"
    },
    {
      "name": "Base64HighEntropyString",
      "limit": 4.5
    },
    {
      "name": "BasicAuthDetector"
    },
    {
      "name": "CloudantDetector"
    },
    {
      "name": "DiscordBotTokenDetector"
    },
    {
      "name": "GitHubTokenDetector"
    },
    {
      "name": "GitLabTokenDetector"
    },
    {
      "name": "HexHighEntropyString",
      "limit": 3.0
    },
    {
      "name": "IbmCloudIamDetector"
    },
    {
      "name": "IbmCosHmacDetector"
    },
    {
      "name": "IPPublicDetector"
    },
    {
      "name": "JwtTokenDetector"
    },
    {
      "name": "KeywordDetector",
      "keyword_exclude": ""
    },
    {
      "name": "MailchimpDetector"
    },
    {
      "name": "NpmDetector"
    },
    {
      "name": "OpenAIDetector"
    },
    {
      "name": "PrivateKeyDetector"
    },
    {
      "name": "PypiTokenDetector"
    },
    {
      "name": "SendGridDetector"
    },
    {
      "name": "SlackDetector"
    },
    {
      "name": "SoftlayerDetector"
    },
    {
      "name": "SquareOAuthDetector"
    },
    {
      "name": "StripeDetector"
    },
    {
      "name": "TelegramBotTokenDetector"
    },
    {
      "name": "TwilioKeyDetector"
    }
  ],
  "filters_used": [
    {
      "path": "detect_secrets.filters.allowlist.is_line_allowlisted"
    },
    {
      "path": "detect_secrets.filters.common.is_baseline_file",
      "filename": ".secrets.baseline"
    },
    {
      "path": "detect_secrets.filters.common.is_ignored_due_to_verification_policies",
      "min_level": 2
    },
    {
      "path": "detect_secrets.filters.heuristic.is_indirect_reference"
    },
    {
      "path": "detect_secrets.filters.heuristic.is_likely_id_string"
    },
    {
      "path": "detect_secrets.filters.heuristic.is_lock_file"
    },
    {
      "path": "detect_secrets.filters.heuristic.is_not_alphanumeric_string"
    },
    {
      "path": "detect_secrets.filters.heuristic.is_potential_uuid"
    },
    {
      "path": "detect_secrets.filters.heuristic.is_prefixed_with_dollar_sign"
    },
    {
      "path": "detect_secrets.filters.heuristic.is_sequential_string"
    },
    {
      "path": "detect_secrets.filters.heuristic.is_swagger_file"
    },
    {
      "path": "detect_secrets.filters.heuristic.is_templated_secret"
    }
  ],
  "results": {
    "cgmanifest.json": [
      {
        "type": "Hex High Entropy String",
        "filename": "cgmanifest.json",
        "hashed_secret": "a54f10e14e4b568a35c8ab6ba6d749c2418f6828",
        "is_verified": false,
        "line_number": 10
      },
      {
        "type": "Hex High Entropy String",
        "filename": "cgmanifest.json",
        "hashed_secret": "d729163091aee8d0339e21d40901e1e682be1a46",
        "is_verified": false,
        "line_number": 20
      }
    ],
    "notebooks/af2_split_processing.ipynb": [
      {
        "type": "Base64 High Entropy String",
        "filename": "notebooks/af2_split_processing.ipynb",
        "hashed_secret": "9183ce23294b566accfa515c9214355024aa7926",
        "is_verified": false,
        "line_number": 3408
      }
    ],
    "notebooks/b_factor_inspect.ipynb": [
      {
        "type": "Base64 High Entropy String",
        "filename": "notebooks/b_factor_inspect.ipynb",
        "hashed_secret": "bd0a5aa3c796695ac1b8af732d6c28fe1459099e",
        "is_verified": false,
        "line_number": 342
      },
      {
        "type": "Base64 High Entropy String",
        "filename": "notebooks/b_factor_inspect.ipynb",
        "hashed_secret": "635c5051a946c9ff920c7580beb157f0bd59668c",
        "is_verified": false,
        "line_number": 471
      },
      {
        "type": "Base64 High Entropy String",
        "filename": "notebooks/b_factor_inspect.ipynb",
        "hashed_secret": "03ff323dd3b7eca50944cf700fbb59a83b38265d",
        "is_verified": false,
        "line_number": 503
      },
      {
        "type": "Base64 High Entropy String",
        "filename": "notebooks/b_factor_inspect.ipynb",
        "hashed_secret": "f57a70c5a15828413e8e515c256ceb828a703d87",
        "is_verified": false,
        "line_number": 1976
      }
    ],
    "notebooks/dssp_computation_test.ipynb": [
      {
        "type": "Base64 High Entropy String",
        "filename": "notebooks/dssp_computation_test.ipynb",
        "hashed_secret": "db0fef7178cff7a998571b9ed573cabd68de6675",
        "is_verified": false,
        "line_number": 3191
      },
      {
        "type": "Base64 High Entropy String",
        "filename": "notebooks/dssp_computation_test.ipynb",
        "hashed_secret": "aa7669ef95f69c9f8906ca4f4fdb04079c081fd9",
        "is_verified": false,
        "line_number": 3259
      }
    ],
    "notebooks/esmfold_prediction_on_gt_evaluation.ipynb": [
      {
        "type": "Base64 High Entropy String",
        "filename": "notebooks/esmfold_prediction_on_gt_evaluation.ipynb",
        "hashed_secret": "416b4cc50dd3e578db845e73ea5917a2c6557d1f",
        "is_verified": false,
        "line_number": 677
      }
    ],
    "notebooks/eval_worth_val_test_prots.ipynb": [
      {
        "type": "Base64 High Entropy String",
        "filename": "notebooks/eval_worth_val_test_prots.ipynb",
        "hashed_secret": "df017bb4ab3ad20fa2866730910a6382db4f0d86",
        "is_verified": false,
        "line_number": 2470
      }
    ],
    "notebooks/inspect_predictions.ipynb": [
      {
        "type": "Base64 High Entropy String",
        "filename": "notebooks/inspect_predictions.ipynb",
        "hashed_secret": "ef60dfc6ac53514f34476e71db14e9c25337edbb",
        "is_verified": false,
        "line_number": 364
      },
      {
        "type": "Base64 High Entropy String",
        "filename": "notebooks/inspect_predictions.ipynb",
        "hashed_secret": "a47c4590c9e5a2e1b1acb1b26e21c587e84068f0",
        "is_verified": false,
        "line_number": 387
      },
      {
        "type": "Base64 High Entropy String",
        "filename": "notebooks/inspect_predictions.ipynb",
        "hashed_secret": "3567384aaa710dee400710444309e840188e88ce",
        "is_verified": false,
        "line_number": 420
      },
      {
        "type": "Base64 High Entropy String",
        "filename": "notebooks/inspect_predictions.ipynb",
        "hashed_secret": "107a58c89197b86b1832c7404d57ed6ae370ae04",
        "is_verified": false,
        "line_number": 441
      },
      {
        "type": "Base64 High Entropy String",
        "filename": "notebooks/inspect_predictions.ipynb",
        "hashed_secret": "7bd237a0eccf86797588a95abd935f7d9fb82866",
        "is_verified": false,
        "line_number": 462
      },
      {
        "type": "Base64 High Entropy String",
        "filename": "notebooks/inspect_predictions.ipynb",
        "hashed_secret": "0ca7b201fa15425db8d239fa0b5b768d323b7ffb",
        "is_verified": false,
        "line_number": 483
      },
      {
        "type": "Base64 High Entropy String",
        "filename": "notebooks/inspect_predictions.ipynb",
        "hashed_secret": "88a4c74fbdcda1a4d69796d36807807f4ae40253",
        "is_verified": false,
        "line_number": 504
      },
      {
        "type": "Base64 High Entropy String",
        "filename": "notebooks/inspect_predictions.ipynb",
        "hashed_secret": "492a532c77468ab426398a0ac7ec1507d2650556",
        "is_verified": false,
        "line_number": 525
      },
      {
        "type": "Base64 High Entropy String",
        "filename": "notebooks/inspect_predictions.ipynb",
        "hashed_secret": "4dc508ebd9c9f1a5857a5a1b50a1fc9ab1ce9f7e",
        "is_verified": false,
        "line_number": 546
      },
      {
        "type": "Base64 High Entropy String",
        "filename": "notebooks/inspect_predictions.ipynb",
        "hashed_secret": "7fdb98f8e3712e61680eb815b0146f543a92994c",
        "is_verified": false,
        "line_number": 567
      },
      {
        "type": "Base64 High Entropy String",
        "filename": "notebooks/inspect_predictions.ipynb",
        "hashed_secret": "4d0e6375011d6a335a9fd9f02cd31e8c4e653c4c",
        "is_verified": false,
        "line_number": 588
      },
      {
        "type": "Base64 High Entropy String",
        "filename": "notebooks/inspect_predictions.ipynb",
        "hashed_secret": "6ffa14c38178163c27226ef525be0f3ead0135dc",
        "is_verified": false,
        "line_number": 609
      },
      {
        "type": "Base64 High Entropy String",
        "filename": "notebooks/inspect_predictions.ipynb",
        "hashed_secret": "5ed94746e75f3b4a9e31206341829da93592ddc4",
        "is_verified": false,
        "line_number": 630
      },
      {
        "type": "Base64 High Entropy String",
        "filename": "notebooks/inspect_predictions.ipynb",
        "hashed_secret": "55447b9bdc8814cca2536dc065eb1b503c4469c9",
        "is_verified": false,
        "line_number": 659
      },
      {
        "type": "Base64 High Entropy String",
        "filename": "notebooks/inspect_predictions.ipynb",
        "hashed_secret": "9e996d360bf7ecb681c313c3bd23234a1877eb67",
        "is_verified": false,
        "line_number": 680
      },
      {
        "type": "Base64 High Entropy String",
        "filename": "notebooks/inspect_predictions.ipynb",
        "hashed_secret": "de2a18603463de15156efb0cbfd4bdefe806810b",
        "is_verified": false,
        "line_number": 702
      },
      {
        "type": "Base64 High Entropy String",
        "filename": "notebooks/inspect_predictions.ipynb",
        "hashed_secret": "e83e77359fe8511e6a16d939470059d2fe16779e",
        "is_verified": false,
        "line_number": 724
      },
      {
        "type": "Base64 High Entropy String",
        "filename": "notebooks/inspect_predictions.ipynb",
        "hashed_secret": "fc0a6f393036f42f781feee04e37782bc9b9e181",
        "is_verified": false,
        "line_number": 754
      },
      {
        "type": "Base64 High Entropy String",
        "filename": "notebooks/inspect_predictions.ipynb",
        "hashed_secret": "458a73a2bc5cb05b6dc69352cd4d91d9550c2a16",
        "is_verified": false,
        "line_number": 775
      },
      {
        "type": "Base64 High Entropy String",
        "filename": "notebooks/inspect_predictions.ipynb",
        "hashed_secret": "e9084054da048424990deb9e2ae8be83b173e164",
        "is_verified": false,
        "line_number": 804
      },
      {
        "type": "Base64 High Entropy String",
        "filename": "notebooks/inspect_predictions.ipynb",
        "hashed_secret": "2bb8d61eb02847cde260ca22302e109ad8dc70b8",
        "is_verified": false,
        "line_number": 833
      },
      {
        "type": "Base64 High Entropy String",
        "filename": "notebooks/inspect_predictions.ipynb",
        "hashed_secret": "fc92e18b062dc16730ef7cd88834218c2a1e86c7",
        "is_verified": false,
        "line_number": 854
      },
      {
        "type": "Base64 High Entropy String",
        "filename": "notebooks/inspect_predictions.ipynb",
        "hashed_secret": "1b32f6b567a473a52c797647056a844c098cec6c",
        "is_verified": false,
        "line_number": 875
      },
      {
        "type": "Base64 High Entropy String",
        "filename": "notebooks/inspect_predictions.ipynb",
        "hashed_secret": "2ebff16aa09e2569279c92853b26a899587b3425",
        "is_verified": false,
        "line_number": 904
      },
      {
        "type": "Base64 High Entropy String",
        "filename": "notebooks/inspect_predictions.ipynb",
        "hashed_secret": "53ffdf17c0fd7f62a55d13b9f0301f091dd8e59f",
        "is_verified": false,
        "line_number": 925
      },
      {
        "type": "Base64 High Entropy String",
        "filename": "notebooks/inspect_predictions.ipynb",
        "hashed_secret": "677419ba6c53990f49fc2aa0285e37ebca80014d",
        "is_verified": false,
        "line_number": 946
      },
      {
        "type": "Base64 High Entropy String",
        "filename": "notebooks/inspect_predictions.ipynb",
        "hashed_secret": "9be3046f62922840d7f4a1625ebff98191518617",
        "is_verified": false,
        "line_number": 967
      },
      {
        "type": "Base64 High Entropy String",
        "filename": "notebooks/inspect_predictions.ipynb",
        "hashed_secret": "f5cbe2e3b49215b701a9a4df0a67783c8087e2ff",
        "is_verified": false,
        "line_number": 988
      },
      {
        "type": "Base64 High Entropy String",
        "filename": "notebooks/inspect_predictions.ipynb",
        "hashed_secret": "d302ff0a07c75b8e17ee533740efbdc1863c03ae",
        "is_verified": false,
        "line_number": 1009
      },
      {
        "type": "Base64 High Entropy String",
        "filename": "notebooks/inspect_predictions.ipynb",
        "hashed_secret": "e5f6df60e37267879dd3dbf4994ea3509a71d707",
        "is_verified": false,
        "line_number": 1059
      },
      {
        "type": "Base64 High Entropy String",
        "filename": "notebooks/inspect_predictions.ipynb",
        "hashed_secret": "c935e453be6c1594fd9a4a7236daf116ad263422",
        "is_verified": false,
        "line_number": 1080
      },
      {
        "type": "Base64 High Entropy String",
        "filename": "notebooks/inspect_predictions.ipynb",
        "hashed_secret": "6b6680b2a4da676c308b2ad0f3da7c0e5b455601",
        "is_verified": false,
        "line_number": 1101
      },
      {
        "type": "Base64 High Entropy String",
        "filename": "notebooks/inspect_predictions.ipynb",
        "hashed_secret": "ec17b108e1d84a8209c881e1a24299c4fb0916a5",
        "is_verified": false,
        "line_number": 1122
      },
      {
        "type": "Base64 High Entropy String",
        "filename": "notebooks/inspect_predictions.ipynb",
        "hashed_secret": "523bd8ad28e37df6e16c4090a6d1aa3f53a40cb2",
        "is_verified": false,
        "line_number": 1144
      },
      {
        "type": "Base64 High Entropy String",
        "filename": "notebooks/inspect_predictions.ipynb",
        "hashed_secret": "7a2ee6c2ee357346c233f15ceba906af0e03734a",
        "is_verified": false,
        "line_number": 1166
      },
      {
        "type": "Base64 High Entropy String",
        "filename": "notebooks/inspect_predictions.ipynb",
        "hashed_secret": "81b7304cebe8766b8db69c5b602847b4425b1b63",
        "is_verified": false,
        "line_number": 1204
      },
      {
        "type": "Base64 High Entropy String",
        "filename": "notebooks/inspect_predictions.ipynb",
        "hashed_secret": "faacdafdc83f74afec4a2aa305818336d8644746",
        "is_verified": false,
        "line_number": 1226
      },
      {
        "type": "Base64 High Entropy String",
        "filename": "notebooks/inspect_predictions.ipynb",
        "hashed_secret": "3215d076e222e15c0d0dbd4c8c255c5d728ce3cc",
        "is_verified": false,
        "line_number": 1248
      },
      {
        "type": "Base64 High Entropy String",
        "filename": "notebooks/inspect_predictions.ipynb",
        "hashed_secret": "61a9b08050b603ad5ddcfe7a1a014f691a9bf9ae",
        "is_verified": false,
        "line_number": 1278
      },
      {
        "type": "Base64 High Entropy String",
        "filename": "notebooks/inspect_predictions.ipynb",
        "hashed_secret": "faa574a934e071e687349afd9fef66d781ce8f72",
        "is_verified": false,
        "line_number": 1300
      },
      {
        "type": "Base64 High Entropy String",
        "filename": "notebooks/inspect_predictions.ipynb",
        "hashed_secret": "d4a30053216c1437be09994515a4fda6e29d85aa",
        "is_verified": false,
        "line_number": 1322
      },
      {
        "type": "Base64 High Entropy String",
        "filename": "notebooks/inspect_predictions.ipynb",
        "hashed_secret": "0479f0493b9e8d0a3129382d3c9ca308b3d7b7f9",
        "is_verified": false,
        "line_number": 1344
      },
      {
        "type": "Base64 High Entropy String",
        "filename": "notebooks/inspect_predictions.ipynb",
        "hashed_secret": "16502c082a03aaa172b9103dfdd5b5118ecafdaf",
        "is_verified": false,
        "line_number": 1366
      },
      {
        "type": "Base64 High Entropy String",
        "filename": "notebooks/inspect_predictions.ipynb",
        "hashed_secret": "99a7db29194d6b93858298c1ec6fcd3fcd333fa5",
        "is_verified": false,
        "line_number": 1388
      },
      {
        "type": "Base64 High Entropy String",
        "filename": "notebooks/inspect_predictions.ipynb",
        "hashed_secret": "51ec70e667b2f07277352f755aeca8599687ae31",
        "is_verified": false,
        "line_number": 1410
      },
      {
        "type": "Base64 High Entropy String",
        "filename": "notebooks/inspect_predictions.ipynb",
        "hashed_secret": "1efdbf9e5eacbfddc4bd904654c80f6abf9346c7",
        "is_verified": false,
        "line_number": 1440
      },
      {
        "type": "Base64 High Entropy String",
        "filename": "notebooks/inspect_predictions.ipynb",
        "hashed_secret": "d1b1b55acd3d7d8d6311e9756f71cd508a9f0d46",
        "is_verified": false,
        "line_number": 1462
      },
      {
        "type": "Base64 High Entropy String",
        "filename": "notebooks/inspect_predictions.ipynb",
        "hashed_secret": "7e1e2b2a21cbacc36637f22b751c0655680c9db8",
        "is_verified": false,
        "line_number": 1492
      },
      {
        "type": "Base64 High Entropy String",
        "filename": "notebooks/inspect_predictions.ipynb",
        "hashed_secret": "6bbe60b5f712b32a9eba78c3c5b61c15c378928d",
        "is_verified": false,
        "line_number": 1522
      },
      {
        "type": "Base64 High Entropy String",
        "filename": "notebooks/inspect_predictions.ipynb",
        "hashed_secret": "02b4f60d67182823c05ba10fb14a710d777a4291",
        "is_verified": false,
        "line_number": 1560
      },
      {
        "type": "Base64 High Entropy String",
        "filename": "notebooks/inspect_predictions.ipynb",
        "hashed_secret": "15040449037fe4a79d3590df5b3d4278794cbb0f",
        "is_verified": false,
        "line_number": 1560
      },
      {
        "type": "Base64 High Entropy String",
        "filename": "notebooks/inspect_predictions.ipynb",
        "hashed_secret": "18ed0941ee5d4b503a7afcdae940eeeae2a7881b",
        "is_verified": false,
        "line_number": 1560
      },
      {
        "type": "Base64 High Entropy String",
        "filename": "notebooks/inspect_predictions.ipynb",
        "hashed_secret": "59fad2b3703175161ac94b3348d029cbd779405e",
        "is_verified": false,
        "line_number": 1560
      },
      {
        "type": "Base64 High Entropy String",
        "filename": "notebooks/inspect_predictions.ipynb",
        "hashed_secret": "7bc9d057c0f76cc68229feae86ef0c5d01f02da6",
        "is_verified": false,
        "line_number": 1560
      },
      {
        "type": "Base64 High Entropy String",
        "filename": "notebooks/inspect_predictions.ipynb",
        "hashed_secret": "7be9ba2b6d243b41c838aabc87df0385912f9af3",
        "is_verified": false,
        "line_number": 1560
      },
      {
        "type": "Base64 High Entropy String",
        "filename": "notebooks/inspect_predictions.ipynb",
        "hashed_secret": "84de0467b908cadf5d8008a740faaf1059a7d94b",
        "is_verified": false,
        "line_number": 1560
      },
      {
        "type": "Base64 High Entropy String",
        "filename": "notebooks/inspect_predictions.ipynb",
        "hashed_secret": "a33079a3772730535ddc551c7cccd8fe2e3af378",
        "is_verified": false,
        "line_number": 1560
      },
      {
        "type": "Base64 High Entropy String",
        "filename": "notebooks/inspect_predictions.ipynb",
        "hashed_secret": "b6fe5f31c2ad29c8b14b0084d5384a8780a5ebab",
        "is_verified": false,
        "line_number": 1560
      },
      {
        "type": "Base64 High Entropy String",
        "filename": "notebooks/inspect_predictions.ipynb",
        "hashed_secret": "e1029490b4d9ceefd1484daece6e6a4c939678d1",
        "is_verified": false,
        "line_number": 1560
      },
      {
        "type": "Base64 High Entropy String",
        "filename": "notebooks/inspect_predictions.ipynb",
        "hashed_secret": "f53abe205f8bb248f6ca2003a44301f5738414bc",
        "is_verified": false,
        "line_number": 1560
      },
      {
        "type": "Base64 High Entropy String",
        "filename": "notebooks/inspect_predictions.ipynb",
        "hashed_secret": "f7906b33288fe0bc413113f10d14c88d8d4fa2a4",
        "is_verified": false,
        "line_number": 1560
      },
      {
        "type": "Base64 High Entropy String",
        "filename": "notebooks/inspect_predictions.ipynb",
        "hashed_secret": "568f1eff5a0825607e8d97d3763e179e78463efe",
        "is_verified": false,
        "line_number": 1589
      },
      {
        "type": "Base64 High Entropy String",
        "filename": "notebooks/inspect_predictions.ipynb",
        "hashed_secret": "02a6f8c2f5a9403c3836bc568f3537c2306533c1",
        "is_verified": false,
        "line_number": 1611
      },
      {
        "type": "Base64 High Entropy String",
        "filename": "notebooks/inspect_predictions.ipynb",
        "hashed_secret": "c5eea0c7042dadb9c78740934e1f8fea44d3d8d3",
        "is_verified": false,
        "line_number": 1796
      },
      {
        "type": "Base64 High Entropy String",
        "filename": "notebooks/inspect_predictions.ipynb",
        "hashed_secret": "443d104b7829ac68a5da7d7cf42adf173caa9c76",
        "is_verified": false,
        "line_number": 1850
      },
      {
        "type": "Base64 High Entropy String",
        "filename": "notebooks/inspect_predictions.ipynb",
        "hashed_secret": "e2822a8daacc28d140dd463905ffb4196dbaf6e0",
        "is_verified": false,
        "line_number": 2007
      },
      {
        "type": "Base64 High Entropy String",
        "filename": "notebooks/inspect_predictions.ipynb",
        "hashed_secret": "a1fd15cbb05ea76812c6bd05cf160dc2e20d4543",
        "is_verified": false,
        "line_number": 2179
      },
      {
        "type": "Base64 High Entropy String",
        "filename": "notebooks/inspect_predictions.ipynb",
        "hashed_secret": "a4cdcec8945fa6939b482fa8dc549e0fc307956b",
        "is_verified": false,
        "line_number": 2326
      },
      {
        "type": "Base64 High Entropy String",
        "filename": "notebooks/inspect_predictions.ipynb",
        "hashed_secret": "81f66a3f2cf78a143bc31673794cd5d83edc2727",
        "is_verified": false,
        "line_number": 2380
      },
      {
        "type": "Base64 High Entropy String",
        "filename": "notebooks/inspect_predictions.ipynb",
        "hashed_secret": "b883b5b4a99ac0679d67dc3e289ed9106598754a",
        "is_verified": false,
        "line_number": 2390
      },
      {
        "type": "Base64 High Entropy String",
        "filename": "notebooks/inspect_predictions.ipynb",
        "hashed_secret": "3d4784fdfc7ceb11bf4d3710c2ea6845478f2228",
        "is_verified": false,
        "line_number": 2444
      },
      {
        "type": "Base64 High Entropy String",
        "filename": "notebooks/inspect_predictions.ipynb",
        "hashed_secret": "e6faac338d73fea510bcff9e6f56901b152a8a82",
        "is_verified": false,
        "line_number": 2454
      },
      {
        "type": "Base64 High Entropy String",
        "filename": "notebooks/inspect_predictions.ipynb",
        "hashed_secret": "faa918c34a552644be4234ed8d121d517a75d333",
        "is_verified": false,
        "line_number": 2500
      },
      {
        "type": "Base64 High Entropy String",
        "filename": "notebooks/inspect_predictions.ipynb",
        "hashed_secret": "3fb45c76064f9cd2e48e1fcd441e004219ec153a",
        "is_verified": false,
        "line_number": 2510
      },
      {
        "type": "Base64 High Entropy String",
        "filename": "notebooks/inspect_predictions.ipynb",
        "hashed_secret": "509ee0e38b8adc4698931ed75dd07169e55aaecc",
        "is_verified": false,
        "line_number": 2557
      },
      {
        "type": "Base64 High Entropy String",
        "filename": "notebooks/inspect_predictions.ipynb",
        "hashed_secret": "461a266b238d35c745002778a7b8f0a9457cf3de",
        "is_verified": false,
        "line_number": 2567
      },
      {
        "type": "Base64 High Entropy String",
        "filename": "notebooks/inspect_predictions.ipynb",
        "hashed_secret": "fc57b7a567f73f67bcd6c8e54c826d12d62123d4",
        "is_verified": false,
        "line_number": 2614
      },
      {
        "type": "Base64 High Entropy String",
        "filename": "notebooks/inspect_predictions.ipynb",
        "hashed_secret": "052f772cc3443a9088e854ec594151f2c7e1054b",
        "is_verified": false,
        "line_number": 2624
      },
      {
        "type": "Base64 High Entropy String",
        "filename": "notebooks/inspect_predictions.ipynb",
        "hashed_secret": "da0e53ecdf147dad22764e930f803a8557b020b3",
        "is_verified": false,
        "line_number": 2671
      },
      {
        "type": "Base64 High Entropy String",
        "filename": "notebooks/inspect_predictions.ipynb",
        "hashed_secret": "5b041bcd7cb4f26a40072d1a222f8e39e94ec87d",
        "is_verified": false,
        "line_number": 2681
      },
      {
        "type": "Base64 High Entropy String",
        "filename": "notebooks/inspect_predictions.ipynb",
        "hashed_secret": "52ba3eacdfe18d955432c543516c8ba927b2cf4f",
        "is_verified": false,
        "line_number": 3082
      },
      {
        "type": "Base64 High Entropy String",
        "filename": "notebooks/inspect_predictions.ipynb",
        "hashed_secret": "8bca5c80919eebcd6e2ee9b9a35e242e256380ef",
        "is_verified": false,
        "line_number": 3138
      },
      {
        "type": "Base64 High Entropy String",
        "filename": "notebooks/inspect_predictions.ipynb",
        "hashed_secret": "e51dbdf2f24aeedef19990c359427fb07b505ac5",
        "is_verified": false,
        "line_number": 3159
      },
      {
        "type": "Base64 High Entropy String",
        "filename": "notebooks/inspect_predictions.ipynb",
        "hashed_secret": "cb9602c27c3c6cebe0fff07e5d69c9257b3858a0",
        "is_verified": false,
        "line_number": 3266
      },
      {
        "type": "Base64 High Entropy String",
        "filename": "notebooks/inspect_predictions.ipynb",
        "hashed_secret": "33e6bd4c1d4e72b09dffaf4b1a0a412d12e23ee3",
        "is_verified": false,
        "line_number": 3344
      },
      {
        "type": "Base64 High Entropy String",
        "filename": "notebooks/inspect_predictions.ipynb",
        "hashed_secret": "48c95070ec944966333e7000e856d4c4f1a92a01",
        "is_verified": false,
        "line_number": 3454
      }
    ],
    "notebooks/inspect_predictions_inpainting.ipynb": [
      {
        "type": "Base64 High Entropy String",
        "filename": "notebooks/inspect_predictions_inpainting.ipynb",
        "hashed_secret": "c0571870b6c406a5830066b18e0dab23396a179a",
        "is_verified": false,
        "line_number": 146
      },
      {
        "type": "Base64 High Entropy String",
        "filename": "notebooks/inspect_predictions_inpainting.ipynb",
        "hashed_secret": "5307b21540891b31c2613a9be205a328add4ff90",
        "is_verified": false,
        "line_number": 176
      },
      {
        "type": "Base64 High Entropy String",
        "filename": "notebooks/inspect_predictions_inpainting.ipynb",
        "hashed_secret": "d5b98a984a7f65d24bf77a33e4b013ac888acdc9",
        "is_verified": false,
        "line_number": 198
      }
    ],
    "notebooks/map_pdb_id_to_uniprot.ipynb": [
      {
        "type": "AWS Access Key",
        "filename": "notebooks/map_pdb_id_to_uniprot.ipynb",
        "hashed_secret": "3925c28f56c9cc006832dcef2b2d9647a48bfa37",
        "is_verified": false,
        "line_number": 5151
      },
      {
        "type": "AWS Access Key",
        "filename": "notebooks/map_pdb_id_to_uniprot.ipynb",
        "hashed_secret": "dcf55ab524495fa63a71c3c601d9d3dbc9069496",
        "is_verified": false,
        "line_number": 5350
      },
      {
        "type": "AWS Access Key",
        "filename": "notebooks/map_pdb_id_to_uniprot.ipynb",
        "hashed_secret": "fece3736dbb64625eff647e79e9feb7499b60536",
        "is_verified": false,
        "line_number": 5573
      },
      {
        "type": "AWS Access Key",
        "filename": "notebooks/map_pdb_id_to_uniprot.ipynb",
        "hashed_secret": "1d53c53ad8632dbecc23d302050d93f36f068a4d",
        "is_verified": false,
        "line_number": 5720
      }
    ],
    "notebooks/noise_test.ipynb": [
      {
        "type": "Base64 High Entropy String",
        "filename": "notebooks/noise_test.ipynb",
        "hashed_secret": "653235cd6ee3a2da629475491e84984db366a895",
        "is_verified": false,
        "line_number": 33
      },
      {
        "type": "Base64 High Entropy String",
        "filename": "notebooks/noise_test.ipynb",
        "hashed_secret": "91e5c39ed0d197985d41e489bf1abb1a0d977107",
        "is_verified": false,
        "line_number": 68
      },
      {
        "type": "Base64 High Entropy String",
        "filename": "notebooks/noise_test.ipynb",
        "hashed_secret": "13e0add0ef50099a86ab4a532c6f41c1db5c5351",
        "is_verified": false,
        "line_number": 103
      },
      {
        "type": "Base64 High Entropy String",
        "filename": "notebooks/noise_test.ipynb",
        "hashed_secret": "67eafb4b01336fc5a6ee19da3a10ef727252dbe7",
        "is_verified": false,
        "line_number": 145
      },
      {
        "type": "Base64 High Entropy String",
        "filename": "notebooks/noise_test.ipynb",
        "hashed_secret": "e6c222534c3a4fb642cf3cd3b6537b9eda10f215",
        "is_verified": false,
        "line_number": 189
      },
      {
        "type": "Base64 High Entropy String",
        "filename": "notebooks/noise_test.ipynb",
        "hashed_secret": "54b6a1fd29320b1b51239df4de9db8cbc4b7aa1f",
        "is_verified": false,
        "line_number": 278
      },
      {
        "type": "Base64 High Entropy String",
        "filename": "notebooks/noise_test.ipynb",
        "hashed_secret": "13f954096a601e6e82753b6c9081a7ddd7ea0883",
        "is_verified": false,
        "line_number": 355
      },
      {
        "type": "Base64 High Entropy String",
        "filename": "notebooks/noise_test.ipynb",
        "hashed_secret": "715167f325f6f24d01fa04ace4d7432d29c613e2",
        "is_verified": false,
        "line_number": 432
      },
      {
        "type": "Base64 High Entropy String",
        "filename": "notebooks/noise_test.ipynb",
        "hashed_secret": "c1edbabbdd671ff72f0d2c29abb70fea02f6b884",
        "is_verified": false,
        "line_number": 504
      },
      {
        "type": "Base64 High Entropy String",
        "filename": "notebooks/noise_test.ipynb",
        "hashed_secret": "67aeeba331617f5298167cb36daa7914058f82a8",
        "is_verified": false,
        "line_number": 661
      }
    ],
    "notebooks/one_hot_alternative.ipynb": [
      {
        "type": "Base64 High Entropy String",
        "filename": "notebooks/one_hot_alternative.ipynb",
        "hashed_secret": "966fd9247bb32f199c87178520981180a69b9dc2",
        "is_verified": false,
        "line_number": 295
      },
      {
        "type": "Base64 High Entropy String",
        "filename": "notebooks/one_hot_alternative.ipynb",
        "hashed_secret": "7cd1e8b2c65d116632c9adb4964a43ec7da9b461",
        "is_verified": false,
        "line_number": 342
      },
      {
        "type": "Base64 High Entropy String",
        "filename": "notebooks/one_hot_alternative.ipynb",
        "hashed_secret": "ae63553c1e95c8f9eb7e34685ef67c37a9f6464b",
        "is_verified": false,
        "line_number": 383
      },
      {
        "type": "Base64 High Entropy String",
        "filename": "notebooks/one_hot_alternative.ipynb",
        "hashed_secret": "f4db9256ab3064f4aa023c98d876fcbab57af214",
        "is_verified": false,
        "line_number": 606
      },
      {
        "type": "Base64 High Entropy String",
        "filename": "notebooks/one_hot_alternative.ipynb",
        "hashed_secret": "5ee80231813570d137577cd73e9b1095454cc849",
        "is_verified": false,
        "line_number": 639
      },
      {
        "type": "Base64 High Entropy String",
        "filename": "notebooks/one_hot_alternative.ipynb",
        "hashed_secret": "8e0591a1b79e713cfcc3edd1a4fb7a9acef63989",
        "is_verified": false,
        "line_number": 752
      },
      {
        "type": "Base64 High Entropy String",
        "filename": "notebooks/one_hot_alternative.ipynb",
        "hashed_secret": "8050938150b763f5af7b5db12bb34cd722dc380b",
        "is_verified": false,
        "line_number": 784
      },
      {
        "type": "Base64 High Entropy String",
        "filename": "notebooks/one_hot_alternative.ipynb",
        "hashed_secret": "6ce1b96a0a3da1b5af8a665de52bd42b7c440d12",
        "is_verified": false,
        "line_number": 811
      },
      {
        "type": "Base64 High Entropy String",
        "filename": "notebooks/one_hot_alternative.ipynb",
        "hashed_secret": "089e0d23d630d95e9223cd8c77b59804f3d0f55b",
        "is_verified": false,
        "line_number": 838
      },
      {
        "type": "Base64 High Entropy String",
        "filename": "notebooks/one_hot_alternative.ipynb",
        "hashed_secret": "016717a500180959eb18f587c17f627ce796d0a6",
        "is_verified": false,
        "line_number": 865
      },
      {
        "type": "Base64 High Entropy String",
        "filename": "notebooks/one_hot_alternative.ipynb",
        "hashed_secret": "406c89972b4029fe5375b3924881792018b1d32d",
        "is_verified": false,
        "line_number": 905
      },
      {
        "type": "Base64 High Entropy String",
        "filename": "notebooks/one_hot_alternative.ipynb",
        "hashed_secret": "515710ebdd4eac2f313ce6515827f4422dfce120",
        "is_verified": false,
        "line_number": 956
      },
      {
        "type": "Base64 High Entropy String",
        "filename": "notebooks/one_hot_alternative.ipynb",
        "hashed_secret": "d652adf4e3b90016076f1645c510e8964a468a68",
        "is_verified": false,
        "line_number": 1015
      },
      {
        "type": "Base64 High Entropy String",
        "filename": "notebooks/one_hot_alternative.ipynb",
        "hashed_secret": "ffbef01595f6f07b16d3da19ab71961f949f0e35",
        "is_verified": false,
        "line_number": 1048
      },
      {
        "type": "Base64 High Entropy String",
        "filename": "notebooks/one_hot_alternative.ipynb",
        "hashed_secret": "8c5571221e390a4535f39800376623f6e8d39aee",
        "is_verified": false,
        "line_number": 1075
      },
      {
        "type": "Base64 High Entropy String",
        "filename": "notebooks/one_hot_alternative.ipynb",
        "hashed_secret": "e6c6c32445aed02c0c9f3a93b1669d39426c996b",
        "is_verified": false,
        "line_number": 1108
      },
      {
        "type": "Base64 High Entropy String",
        "filename": "notebooks/one_hot_alternative.ipynb",
        "hashed_secret": "80ae249a585dd56abb6bd8eb99077811ba16025f",
        "is_verified": false,
        "line_number": 1135
      }
    ],
    "notebooks/pkl_chunk_inspect_2.ipynb": [
      {
        "type": "Hex High Entropy String",
        "filename": "notebooks/pkl_chunk_inspect_2.ipynb",
        "hashed_secret": "088ae73d718f54efb1a8976f658c4b6b76333b56",
        "is_verified": false,
        "line_number": 386
      },
      {
        "type": "Hex High Entropy String",
        "filename": "notebooks/pkl_chunk_inspect_2.ipynb",
        "hashed_secret": "3823d62ea6405799c26e7295d763ef0f7de95766",
        "is_verified": false,
        "line_number": 386
      },
      {
        "type": "Hex High Entropy String",
        "filename": "notebooks/pkl_chunk_inspect_2.ipynb",
        "hashed_secret": "e027aeb36110e4cafa70cfa92c09da3f4e42c5c3",
        "is_verified": false,
        "line_number": 386
      },
      {
        "type": "Hex High Entropy String",
        "filename": "notebooks/pkl_chunk_inspect_2.ipynb",
        "hashed_secret": "050cdda61455e7fc5455300089c1b3bf2ef4ad27",
        "is_verified": false,
        "line_number": 503
      },
      {
        "type": "Hex High Entropy String",
        "filename": "notebooks/pkl_chunk_inspect_2.ipynb",
        "hashed_secret": "16a16c76c2551f05c6dd3334cccceae73465fe62",
        "is_verified": false,
        "line_number": 503
      },
      {
        "type": "Hex High Entropy String",
        "filename": "notebooks/pkl_chunk_inspect_2.ipynb",
        "hashed_secret": "6f1f7331afc044a76bec7627f6408ca35a386cae",
        "is_verified": false,
        "line_number": 503
      },
      {
        "type": "Hex High Entropy String",
        "filename": "notebooks/pkl_chunk_inspect_2.ipynb",
        "hashed_secret": "89f7ff522ea00c98918d315e5ee23ec8f67d1f89",
        "is_verified": false,
        "line_number": 503
      },
      {
        "type": "Hex High Entropy String",
        "filename": "notebooks/pkl_chunk_inspect_2.ipynb",
        "hashed_secret": "c6f62a33647bb0c7ffb28842dde032d3be1eaa1b",
        "is_verified": false,
        "line_number": 503
      },
      {
        "type": "Hex High Entropy String",
        "filename": "notebooks/pkl_chunk_inspect_2.ipynb",
        "hashed_secret": "d578fc086132632181c71ae653423010c493dd01",
        "is_verified": false,
        "line_number": 503
      },
      {
        "type": "Hex High Entropy String",
        "filename": "notebooks/pkl_chunk_inspect_2.ipynb",
        "hashed_secret": "e996cda53dafab81e7739d7a36c6eb8733e5d83e",
        "is_verified": false,
        "line_number": 503
      },
      {
        "type": "Hex High Entropy String",
        "filename": "notebooks/pkl_chunk_inspect_2.ipynb",
        "hashed_secret": "f01ce4a846c895491addbb9f79bf27c7f5a56864",
        "is_verified": false,
        "line_number": 503
      },
      {
        "type": "Hex High Entropy String",
        "filename": "notebooks/pkl_chunk_inspect_2.ipynb",
        "hashed_secret": "f3d77320a336830120b0f7473d1516ce6b0bab92",
        "is_verified": false,
        "line_number": 503
      },
      {
        "type": "Hex High Entropy String",
        "filename": "notebooks/pkl_chunk_inspect_2.ipynb",
        "hashed_secret": "f57105004cb249dddcf3126ea3b6b7c597f0ad40",
        "is_verified": false,
        "line_number": 503
      }
    ],
    "notebooks/sampling_analysis.ipynb": [
      {
        "type": "Base64 High Entropy String",
        "filename": "notebooks/sampling_analysis.ipynb",
        "hashed_secret": "0c14dc01a82fa6c5f2e3a2e28aef6b0c2c0b5588",
        "is_verified": false,
        "line_number": 254
      },
      {
        "type": "Base64 High Entropy String",
        "filename": "notebooks/sampling_analysis.ipynb",
        "hashed_secret": "289713d3611f68457a017f4cc8ef358cba87d87e",
        "is_verified": false,
        "line_number": 445
      },
      {
        "type": "Base64 High Entropy String",
        "filename": "notebooks/sampling_analysis.ipynb",
        "hashed_secret": "931a819eb3597f84278adb9923893171b4e929aa",
        "is_verified": false,
        "line_number": 564
      },
      {
        "type": "Twilio API Key",
        "filename": "notebooks/sampling_analysis.ipynb",
        "hashed_secret": "a911e62d6375d4aa778011e875eee83dd90b5468",
        "is_verified": false,
        "line_number": 564
      },
      {
        "type": "Base64 High Entropy String",
        "filename": "notebooks/sampling_analysis.ipynb",
        "hashed_secret": "f6d4b8055819e4b811f5e2c98bf98de65858e84b",
        "is_verified": false,
        "line_number": 767
      },
      {
        "type": "Base64 High Entropy String",
        "filename": "notebooks/sampling_analysis.ipynb",
        "hashed_secret": "efb062d1f9e4d50a9bfd8a0120ed1a159915e476",
        "is_verified": false,
        "line_number": 1034
      },
      {
        "type": "Base64 High Entropy String",
        "filename": "notebooks/sampling_analysis.ipynb",
        "hashed_secret": "8b107015a6a8429438e1637998fea58a29ab54c0",
        "is_verified": false,
        "line_number": 1486
      },
      {
        "type": "Base64 High Entropy String",
        "filename": "notebooks/sampling_analysis.ipynb",
        "hashed_secret": "4ce4ba4b3e760c68c4cdff0201bd6bc0a381d975",
        "is_verified": false,
        "line_number": 1932
      },
      {
        "type": "Base64 High Entropy String",
        "filename": "notebooks/sampling_analysis.ipynb",
        "hashed_secret": "bbd326607e3499042250560827d09d75fd4078bf",
        "is_verified": false,
        "line_number": 2161
      }
    ],
    "notebooks/time_scale_analysis.ipynb": [
      {
        "type": "Base64 High Entropy String",
        "filename": "notebooks/time_scale_analysis.ipynb",
        "hashed_secret": "9850da94222a842f3a4ce9de8c0087344f743a46",
        "is_verified": false,
        "line_number": 185
      },
      {
        "type": "Base64 High Entropy String",
        "filename": "notebooks/time_scale_analysis.ipynb",
        "hashed_secret": "9384f5437b333ce3564c3cb543783f262575e098",
        "is_verified": false,
        "line_number": 316
      },
      {
        "type": "Base64 High Entropy String",
        "filename": "notebooks/time_scale_analysis.ipynb",
        "hashed_secret": "f7b9b2787041fef7a7ba163b99a1e938d758a112",
        "is_verified": false,
        "line_number": 439
      },
      {
        "type": "Base64 High Entropy String",
        "filename": "notebooks/time_scale_analysis.ipynb",
        "hashed_secret": "a2781a29168a0340da265fe2f2dc99cb7e9b595f",
        "is_verified": false,
        "line_number": 561
      }
    ]
  },
  "generated_at": "2025-10-16T21:58:40Z"
}
